// Jest Snapshot v1, https://goo.gl/fbAQLP

exports[`Header component test renders a detail view of  a pokemon 1`] = `
<div>
  <section
    class="container grass"
  >
    <img
      src="http://assets.pokemon.com/assets/cms2/img/pokedex/full/460.png"
    />
    <h3>
      abomasnow
    </h3>
    <p>
      HP: 
      90
    </p>
    <p>
      Height: 
      22
       
    </p>
    <p>
      Weight: 
      1355
       pounds
    </p>
    <p>
      Ability 1:
      snow-warning
    </p>
    <p>
      Ability 2:
      NA
    </p>
    <p>
      Color: 
      #78C850
    </p>
  </section>
</div>
`;
